{
  "vulnerabilities": {
    "CRITICAL": 0,
    "HIGH": 0,
    "LOW": 4,
    "MEDIUM": 10,
    "UNKNOWN": 0
  },
  "misconfigurations": {
    "CRITICAL": 28,
    "HIGH": 50,
    "LOW": 94,
    "MEDIUM": 98,
    "UNKNOWN": 0
  }
}
