[
  {
    "Name": "adduser",
    "Version": "3.118",
    "Arch": "all",
    "SrcName": "adduser",
    "SrcVersion": "3.118"
  },
  {
    "Name": "apt",
    "Version": "1.8.2",
    "Arch": "amd64",
    "SrcName": "apt",
    "SrcVersion": "1.8.2"
  },
  {
    "Name": "base-files",
    "Version": "10.3+deb10u1",
    "Arch": "amd64",
    "SrcName": "base-files",
    "SrcVersion": "10.3+deb10u1"
  },
  {
    "Name": "base-passwd",
    "Version": "3.5.46",
    "Arch": "amd64",
    "SrcName": "base-passwd",
    "SrcVersion": "3.5.46"
  },
  {
    "Name": "bash",
    "Version": "5.0",
    "Release": "4",
    "Arch": "amd64",
    "SrcName": "bash",
    "SrcVersion": "5.0",
    "SrcRelease": "4"
  },
  {
    "Name": "bsdutils",
    "Version": "2.33.1",
    "Release": "0.1",
    "Epoch": 1,
    "Arch": "amd64",
    "SrcName": "util-linux",
    "SrcVersion": "2.33.1",
    "SrcRelease": "0.1"
  },
  {
    "Name": "coreutils",
    "Version": "8.30",
    "Release": "3",
    "Arch": "amd64",
    "SrcName": "coreutils",
    "SrcVersion": "8.30",
    "SrcRelease": "3"
  },
  {
    "Name": "dash",
    "Version": "0.5.10.2",
    "Release": "5",
    "Arch": "amd64",
    "SrcName": "dash",
    "SrcVersion": "0.5.10.2",
    "SrcRelease": "5"
  },
  {
    "Name": "debconf",
    "Version": "1.5.71",
    "Arch": "all",
    "SrcName": "debconf",
    "SrcVersion": "1.5.71"
  },
  {
    "Name": "debian-archive-keyring",
    "Version": "2019.1",
    "Arch": "all",
    "SrcName": "debian-archive-keyring",
    "SrcVersion": "2019.1"
  },
  {
    "Name": "debianutils",
    "Version": "4.8.6.1",
    "Arch": "amd64",
    "SrcName": "debianutils",
    "SrcVersion": "4.8.6.1"
  },
  {
    "Name": "diffutils",
    "Version": "3.7",
    "Release": "3",
    "Epoch": 1,
    "Arch": "amd64",
    "SrcName": "diffutils",
    "SrcVersion": "3.7",
    "SrcRelease": "3",
    "SrcEpoch": 1
  },
  {
    "Name": "dpkg",
    "Version": "1.19.7",
    "Arch": "amd64",
    "SrcName": "dpkg",
    "SrcVersion": "1.19.7"
  },
  {
    "Name": "e2fsprogs",
    "Version": "1.44.5",
    "Release": "1+deb10u1",
    "Arch": "amd64",
    "SrcName": "e2fsprogs",
    "SrcVersion": "1.44.5",
    "SrcRelease": "1+deb10u1"
  },
  {
    "Name": "fdisk",
    "Version": "2.33.1",
    "Release": "0.1",
    "Arch": "amd64",
    "SrcName": "util-linux",
    "SrcVersion": "2.33.1",
    "SrcRelease": "0.1"
  },
  {
    "Name": "findutils",
    "Version": "4.6.0+git+20190209",
    "Release": "2",
    "Arch": "amd64",
    "SrcName": "findutils",
    "SrcVersion": "4.6.0+git+20190209",
    "SrcRelease": "2"
  },
  {
    "Name": "gcc-8-base",
    "Version": "8.3.0",
    "Release": "6",
    "Arch": "amd64",
    "SrcName": "gcc-8",
    "SrcVersion": "8.3.0",
    "SrcRelease": "6"
  },
  {
    "Name": "gpgv",
    "Version": "2.2.12",
    "Release": "1+deb10u1",
    "Arch": "amd64",
    "SrcName": "gnupg2",
    "SrcVersion": "2.2.12",
    "SrcRelease": "1+deb10u1"
  },
  {
    "Name": "grep",
    "Version": "3.3",
    "Release": "1",
    "Arch": "amd64",
    "SrcName": "grep",
    "SrcVersion": "3.3",
    "SrcRelease": "1"
  },
  {
    "Name": "gzip",
    "Version": "1.9",
    "Release": "3",
    "Arch": "amd64",
    "SrcName": "gzip",
    "SrcVersion": "1.9",
    "SrcRelease": "3"
  },
  {
    "Name": "hostname",
    "Version": "3.21",
    "Arch": "amd64",
    "SrcName": "hostname",
    "SrcVersion": "3.21"
  },
  {
    "Name": "init-system-helpers",
    "Version": "1.56+nmu1",
    "Arch": "all",
    "SrcName": "init-system-helpers",
    "SrcVersion": "1.56+nmu1"
  },
  {
    "Name": "iproute2",
    "Version": "4.20.0",
    "Release": "2",
    "Arch": "amd64",
    "SrcName": "iproute2",
    "SrcVersion": "4.20.0",
    "SrcRelease": "2"
  },
  {
    "Name": "iputils-ping",
    "Version": "20180629",
    "Release": "2",
    "Epoch": 3,
    "Arch": "amd64",
    "SrcName": "iputils",
    "SrcVersion": "20180629",
    "SrcRelease": "2",
    "SrcEpoch": 3
  },
  {
    "Name": "libacl1",
    "Version": "2.2.53",
    "Release": "4",
    "Arch": "amd64",
    "SrcName": "acl",
    "SrcVersion": "2.2.53",
    "SrcRelease": "4"
  },
  {
    "Name": "libapt-pkg5.0",
    "Version": "1.8.2",
    "Arch": "amd64",
    "SrcName": "apt",
    "SrcVersion": "1.8.2"
  },
  {
    "Name": "libattr1",
    "Version": "2.4.48",
    "Release": "4",
    "Epoch": 1,
    "Arch": "amd64",
    "SrcName": "attr",
    "SrcVersion": "2.4.48",
    "SrcRelease": "4",
    "SrcEpoch": 1
  },
  {
    "Name": "libaudit-common",
    "Version": "2.8.4",
    "Release": "3",
    "Epoch": 1,
    "Arch": "all",
    "SrcName": "audit",
    "SrcVersion": "2.8.4",
    "SrcRelease": "3",
    "SrcEpoch": 1
  },
  {
    "Name": "libaudit1",
    "Version": "2.8.4",
    "Release": "3",
    "Epoch": 1,
    "Arch": "amd64",
    "SrcName": "audit",
    "SrcVersion": "2.8.4",
    "SrcRelease": "3",
    "SrcEpoch": 1
  },
  {
    "Name": "libblkid1",
    "Version": "2.33.1",
    "Release": "0.1",
    "Arch": "amd64",
    "SrcName": "util-linux",
    "SrcVersion": "2.33.1",
    "SrcRelease": "0.1"
  },
  {
    "Name": "libbz2-1.0",
    "Version": "1.0.6",
    "Release": "9.2~deb10u1",
    "Arch": "amd64",
    "SrcName": "bzip2",
    "SrcVersion": "1.0.6",
    "SrcRelease": "9.2~deb10u1"
  },
  {
    "Name": "libc-bin",
    "Version": "2.28",
    "Release": "10",
    "Arch": "amd64",
    "SrcName": "glibc",
    "SrcVersion": "2.28",
    "SrcRelease": "10"
  },
  {
    "Name": "libc6",
    "Version": "2.28",
    "Release": "10",
    "Arch": "amd64",
    "SrcName": "glibc",
    "SrcVersion": "2.28",
    "SrcRelease": "10"
  },
  {
    "Name": "libcap-ng0",
    "Version": "0.7.9",
    "Release": "2",
    "Arch": "amd64",
    "SrcName": "libcap-ng",
    "SrcVersion": "0.7.9",
    "SrcRelease": "2"
  },
  {
    "Name": "libcap2",
    "Version": "2.25",
    "Release": "2",
    "Epoch": 1,
    "Arch": "amd64",
    "SrcName": "libcap2",
    "SrcVersion": "2.25",
    "SrcRelease": "2",
    "SrcEpoch": 1
  },
  {
    "Name": "libcap2-bin",
    "Version": "2.25",
    "Release": "2",
    "Epoch": 1,
    "Arch": "amd64",
    "SrcName": "libcap2",
    "SrcVersion": "2.25",
    "SrcRelease": "2",
    "SrcEpoch": 1
  },
  {
    "Name": "libcom-err2",
    "Version": "1.44.5",
    "Release": "1+deb10u1",
    "Arch": "amd64",
    "SrcName": "e2fsprogs",
    "SrcVersion": "1.44.5",
    "SrcRelease": "1+deb10u1"
  },
  {
    "Name": "libdb5.3",
    "Version": "5.3.28+dfsg1",
    "Release": "0.5",
    "Arch": "amd64",
    "SrcName": "db5.3",
    "SrcVersion": "5.3.28+dfsg1",
    "SrcRelease": "0.5"
  },
  {
    "Name": "libdebconfclient0",
    "Version": "0.249",
    "Arch": "amd64",
    "SrcName": "cdebconf",
    "SrcVersion": "0.249"
  },
  {
    "Name": "libelf1",
    "Version": "0.176",
    "Release": "1.1",
    "Arch": "amd64",
    "SrcName": "elfutils",
    "SrcVersion": "0.176",
    "SrcRelease": "1.1"
  },
  {
    "Name": "libext2fs2",
    "Version": "1.44.5",
    "Release": "1+deb10u1",
    "Arch": "amd64",
    "SrcName": "e2fsprogs",
    "SrcVersion": "1.44.5",
    "SrcRelease": "1+deb10u1"
  },
  {
    "Name": "libfdisk1",
    "Version": "2.33.1",
    "Release": "0.1",
    "Arch": "amd64",
    "SrcName": "util-linux",
    "SrcVersion": "2.33.1",
    "SrcRelease": "0.1"
  },
  {
    "Name": "libffi6",
    "Version": "3.2.1",
    "Release": "9",
    "Arch": "amd64",
    "SrcName": "libffi",
    "SrcVersion": "3.2.1",
    "SrcRelease": "9"
  },
  {
    "Name": "libgcc1",
    "Version": "8.3.0",
    "Release": "6",
    "Epoch": 1,
    "Arch": "amd64",
    "SrcName": "gcc-8",
    "SrcVersion": "8.3.0",
    "SrcRelease": "6"
  },
  {
    "Name": "libgcrypt20",
    "Version": "1.8.4",
    "Release": "5",
    "Arch": "amd64",
    "SrcName": "libgcrypt20",
    "SrcVersion": "1.8.4",
    "SrcRelease": "5"
  },
  {
    "Name": "libgmp10",
    "Version": "6.1.2+dfsg",
    "Release": "4",
    "Epoch": 2,
    "Arch": "amd64",
    "SrcName": "gmp",
    "SrcVersion": "6.1.2+dfsg",
    "SrcRelease": "4",
    "SrcEpoch": 2
  },
  {
    "Name": "libgnutls30",
    "Version": "3.6.7",
    "Release": "4",
    "Arch": "amd64",
    "SrcName": "gnutls28",
    "SrcVersion": "3.6.7",
    "SrcRelease": "4"
  },
  {
    "Name": "libgpg-error0",
    "Version": "1.35",
    "Release": "1",
    "Arch": "amd64",
    "SrcName": "libgpg-error",
    "SrcVersion": "1.35",
    "SrcRelease": "1"
  },
  {
    "Name": "libhogweed4",
    "Version": "3.4.1",
    "Release": "1",
    "Arch": "amd64",
    "SrcName": "nettle",
    "SrcVersion": "3.4.1",
    "SrcRelease": "1"
  },
  {
    "Name": "libidn2-0",
    "Version": "2.0.5",
    "Release": "1",
    "Arch": "amd64",
    "SrcName": "libidn2",
    "SrcVersion": "2.0.5",
    "SrcRelease": "1"
  },
  {
    "Name": "liblz4-1",
    "Version": "1.8.3",
    "Release": "1",
    "Arch": "amd64",
    "SrcName": "lz4",
    "SrcVersion": "1.8.3",
    "SrcRelease": "1"
  },
  {
    "Name": "liblzma5",
    "Version": "5.2.4",
    "Release": "1",
    "Arch": "amd64",
    "SrcName": "xz-utils",
    "SrcVersion": "5.2.4",
    "SrcRelease": "1"
  },
  {
    "Name": "libmnl0",
    "Version": "1.0.4",
    "Release": "2",
    "Arch": "amd64",
    "SrcName": "libmnl",
    "SrcVersion": "1.0.4",
    "SrcRelease": "2"
  },
  {
    "Name": "libmount1",
    "Version": "2.33.1",
    "Release": "0.1",
    "Arch": "amd64",
    "SrcName": "util-linux",
    "SrcVersion": "2.33.1",
    "SrcRelease": "0.1"
  },
  {
    "Name": "libncursesw6",
    "Version": "6.1+20181013",
    "Release": "2+deb10u1",
    "Arch": "amd64",
    "SrcName": "ncurses",
    "SrcVersion": "6.1+20181013",
    "SrcRelease": "2+deb10u1"
  },
  {
    "Name": "libnettle6",
    "Version": "3.4.1",
    "Release": "1",
    "Arch": "amd64",
    "SrcName": "nettle",
    "SrcVersion": "3.4.1",
    "SrcRelease": "1"
  },
  {
    "Name": "libp11-kit0",
    "Version": "0.23.15",
    "Release": "2",
    "Arch": "amd64",
    "SrcName": "p11-kit",
    "SrcVersion": "0.23.15",
    "SrcRelease": "2"
  },
  {
    "Name": "libpam-modules",
    "Version": "1.3.1",
    "Release": "5",
    "Arch": "amd64",
    "SrcName": "pam",
    "SrcVersion": "1.3.1",
    "SrcRelease": "5"
  },
  {
    "Name": "libpam-modules-bin",
    "Version": "1.3.1",
    "Release": "5",
    "Arch": "amd64",
    "SrcName": "pam",
    "SrcVersion": "1.3.1",
    "SrcRelease": "5"
  },
  {
    "Name": "libpam-runtime",
    "Version": "1.3.1",
    "Release": "5",
    "Arch": "all",
    "SrcName": "pam",
    "SrcVersion": "1.3.1",
    "SrcRelease": "5"
  },
  {
    "Name": "libpam0g",
    "Version": "1.3.1",
    "Release": "5",
    "Arch": "amd64",
    "SrcName": "pam",
    "SrcVersion": "1.3.1",
    "SrcRelease": "5"
  },
  {
    "Name": "libpcre3",
    "Version": "8.39",
    "Release": "12",
    "Epoch": 2,
    "Arch": "amd64",
    "SrcName": "pcre3",
    "SrcVersion": "8.39",
    "SrcRelease": "12",
    "SrcEpoch": 2
  },
  {
    "Name": "libseccomp2",
    "Version": "2.3.3",
    "Release": "4",
    "Arch": "amd64",
    "SrcName": "libseccomp",
    "SrcVersion": "2.3.3",
    "SrcRelease": "4"
  },
  {
    "Name": "libselinux1",
    "Version": "2.8",
    "Release": "1+b1",
    "Arch": "amd64",
    "SrcName": "libselinux",
    "SrcVersion": "2.8",
    "SrcRelease": "1"
  },
  {
    "Name": "libsemanage-common",
    "Version": "2.8",
    "Release": "2",
    "Arch": "all",
    "SrcName": "libsemanage",
    "SrcVersion": "2.8",
    "SrcRelease": "2"
  },
  {
    "Name": "libsemanage1",
    "Version": "2.8",
    "Release": "2",
    "Arch": "amd64",
    "SrcName": "libsemanage",
    "SrcVersion": "2.8",
    "SrcRelease": "2"
  },
  {
    "Name": "libsepol1",
    "Version": "2.8",
    "Release": "1",
    "Arch": "amd64",
    "SrcName": "libsepol",
    "SrcVersion": "2.8",
    "SrcRelease": "1"
  },
  {
    "Name": "libsmartcols1",
    "Version": "2.33.1",
    "Release": "0.1",
    "Arch": "amd64",
    "SrcName": "util-linux",
    "SrcVersion": "2.33.1",
    "SrcRelease": "0.1"
  },
  {
    "Name": "libss2",
    "Version": "1.44.5",
    "Release": "1+deb10u1",
    "Arch": "amd64",
    "SrcName": "e2fsprogs",
    "SrcVersion": "1.44.5",
    "SrcRelease": "1+deb10u1"
  },
  {
    "Name": "libstdc++6",
    "Version": "8.3.0",
    "Release": "6",
    "Arch": "amd64",
    "SrcName": "gcc-8",
    "SrcVersion": "8.3.0",
    "SrcRelease": "6"
  },
  {
    "Name": "libsystemd0",
    "Version": "241",
    "Release": "7~deb10u1",
    "Arch": "amd64",
    "SrcName": "systemd",
    "SrcVersion": "241",
    "SrcRelease": "7~deb10u1"
  },
  {
    "Name": "libtasn1-6",
    "Version": "4.13",
    "Release": "3",
    "Arch": "amd64",
    "SrcName": "libtasn1-6",
    "SrcVersion": "4.13",
    "SrcRelease": "3"
  },
  {
    "Name": "libtinfo6",
    "Version": "6.1+20181013",
    "Release": "2+deb10u1",
    "Arch": "amd64",
    "SrcName": "ncurses",
    "SrcVersion": "6.1+20181013",
    "SrcRelease": "2+deb10u1"
  },
  {
    "Name": "libudev1",
    "Version": "241",
    "Release": "7~deb10u1",
    "Arch": "amd64",
    "SrcName": "systemd",
    "SrcVersion": "241",
    "SrcRelease": "7~deb10u1"
  },
  {
    "Name": "libunistring2",
    "Version": "0.9.10",
    "Release": "1",
    "Arch": "amd64",
    "SrcName": "libunistring",
    "SrcVersion": "0.9.10",
    "SrcRelease": "1"
  },
  {
    "Name": "libuuid1",
    "Version": "2.33.1",
    "Release": "0.1",
    "Arch": "amd64",
    "SrcName": "util-linux",
    "SrcVersion": "2.33.1",
    "SrcRelease": "0.1"
  },
  {
    "Name": "libxtables12",
    "Version": "1.8.2",
    "Release": "4",
    "Arch": "amd64",
    "SrcName": "iptables",
    "SrcVersion": "1.8.2",
    "SrcRelease": "4"
  },
  {
    "Name": "libzstd1",
    "Version": "1.3.8+dfsg",
    "Release": "3",
    "Arch": "amd64",
    "SrcName": "libzstd",
    "SrcVersion": "1.3.8+dfsg",
    "SrcRelease": "3"
  },
  {
    "Name": "login",
    "Version": "4.5",
    "Release": "1.1",
    "Epoch": 1,
    "Arch": "amd64",
    "SrcName": "shadow",
    "SrcVersion": "4.5",
    "SrcRelease": "1.1",
    "SrcEpoch": 1
  },
  {
    "Name": "mawk",
    "Version": "1.3.3",
    "Release": "17+b3",
    "Arch": "amd64",
    "SrcName": "mawk",
    "SrcVersion": "1.3.3",
    "SrcRelease": "17"
  },
  {
    "Name": "mount",
    "Version": "2.33.1",
    "Release": "0.1",
    "Arch": "amd64",
    "SrcName": "util-linux",
    "SrcVersion": "2.33.1",
    "SrcRelease": "0.1"
  },
  {
    "Name": "ncurses-base",
    "Version": "6.1+20181013",
    "Release": "2+deb10u1",
    "Arch": "all",
    "SrcName": "ncurses",
    "SrcVersion": "6.1+20181013",
    "SrcRelease": "2+deb10u1"
  },
  {
    "Name": "ncurses-bin",
    "Version": "6.1+20181013",
    "Release": "2+deb10u1",
    "Arch": "amd64",
    "SrcName": "ncurses",
    "SrcVersion": "6.1+20181013",
    "SrcRelease": "2+deb10u1"
  },
  {
    "Name": "passwd",
    "Version": "4.5",
    "Release": "1.1",
    "Epoch": 1,
    "Arch": "amd64",
    "SrcName": "shadow",
    "SrcVersion": "4.5",
    "SrcRelease": "1.1",
    "SrcEpoch": 1
  },
  {
    "Name": "perl-base",
    "Version": "5.28.1",
    "Release": "6",
    "Arch": "amd64",
    "SrcName": "perl",
    "SrcVersion": "5.28.1",
    "SrcRelease": "6"
  },
  {
    "Name": "sed",
    "Version": "4.7",
    "Release": "1",
    "Arch": "amd64",
    "SrcName": "sed",
    "SrcVersion": "4.7",
    "SrcRelease": "1"
  },
  {
    "Name": "sysvinit-utils",
    "Version": "2.93",
    "Release": "8",
    "Arch": "amd64",
    "SrcName": "sysvinit",
    "SrcVersion": "2.93",
    "SrcRelease": "8"
  },
  {
    "Name": "tar",
    "Version": "1.30+dfsg",
    "Release": "6",
    "Arch": "amd64",
    "SrcName": "tar",
    "SrcVersion": "1.30+dfsg",
    "SrcRelease": "6"
  },
  {
    "Name": "tzdata",
    "Version": "2019b",
    "Release": "0+deb10u1",
    "Arch": "all",
    "SrcName": "tzdata",
    "SrcVersion": "2019b",
    "SrcRelease": "0+deb10u1"
  },
  {
    "Name": "util-linux",
    "Version": "2.33.1",
    "Release": "0.1",
    "Arch": "amd64",
    "SrcName": "util-linux",
    "SrcVersion": "2.33.1",
    "SrcRelease": "0.1"
  },
  {
    "Name": "zlib1g",
    "Version": "1.2.11.dfsg",
    "Release": "1",
    "Epoch": 1,
    "Arch": "amd64",
    "SrcName": "zlib",
    "SrcVersion": "1.2.11.dfsg",
    "SrcRelease": "1",
    "SrcEpoch": 1
  }
]