[
  {
    "ID": ".composer-phpext-rundeps@0",
    "Name": ".composer-phpext-rundeps",
    "Version": "0",
    "Arch": "noarch"
  },
  {
    "ID": ".persistent-deps@0",
    "Name": ".persistent-deps",
    "Version": "0",
    "Arch": "noarch"
  },
  {
    "ID": ".php-rundeps@0",
    "Name": ".php-rundeps",
    "Version": "0",
    "Arch": "noarch"
  },
  {
    "ID": "alpine-baselayout@3.0.5-r2",
    "Name": "alpine-baselayout",
    "Version": "3.0.5-r2",
    "Arch": "x86_64",
    "SrcName": "alpine-baselayout",
    "SrcVersion": "3.0.5-r2",
    "Licenses": [
      "GPL-2.0-only"
    ],
    "Maintainer": "Natanael Copa \u003cncopa@alpinelinux.org\u003e"
  },
  {
    "ID": "alpine-keys@2.1-r1",
    "Name": "alpine-keys",
    "Version": "2.1-r1",
    "Arch": "x86_64",
    "SrcName": "alpine-keys",
    "SrcVersion": "2.1-r1",
    "Licenses": [
      "MIT"
    ],
    "Maintainer": "Natanael Copa \u003cncopa@alpinelinux.org\u003e"
  },
  {
    "ID": "apk-tools@2.10.1-r0",
    "Name": "apk-tools",
    "Version": "2.10.1-r0",
    "Arch": "x86_64",
    "SrcName": "apk-tools",
    "SrcVersion": "2.10.1-r0",
    "Licenses": [
      "GPL-2.0-only"
    ],
    "Maintainer": "Natanael Copa \u003cncopa@alpinelinux.org\u003e"
  },
  {
    "ID": "apr@1.6.3-r0",
    "Name": "apr",
    "Version": "1.6.3-r0",
    "Arch": "x86_64",
    "SrcName": "apr",
    "SrcVersion": "1.6.3-r0",
    "Licenses": [
      "Apache-2.0"
    ],
    "Maintainer": "Natanael Copa \u003cncopa@alpinelinux.org\u003e"
  },
  {
    "ID": "apr-util@1.6.1-r1",
    "Name": "apr-util",
    "Version": "1.6.1-r1",
    "Arch": "x86_64",
    "SrcName": "apr-util",
    "SrcVersion": "1.6.1-r1",
    "Licenses": [
      "Apache-2.0"
    ],
    "Maintainer": "Natanael Copa \u003cncopa@alpinelinux.org\u003e"
  },
  {
    "ID": "bash@4.4.19-r1",
    "Name": "bash",
    "Version": "4.4.19-r1",
    "Arch": "x86_64",
    "SrcName": "bash",
    "SrcVersion": "4.4.19-r1",
    "Licenses": [
      "GPL-3.0-or-later"
    ],
    "Maintainer": "Natanael Copa \u003cncopa@alpinelinux.org\u003e"
  },
  {
    "ID": "busybox@1.27.2-r11",
    "Name": "busybox",
    "Version": "1.27.2-r11",
    "Arch": "x86_64",
    "SrcName": "busybox",
    "SrcVersion": "1.27.2-r11",
    "Licenses": [
      "GPL-2.0-only"
    ],
    "Maintainer": "Natanael Copa \u003cncopa@alpinelinux.org\u003e"
  },
  {
    "ID": "ca-certificates@20171114-r0",
    "Name": "ca-certificates",
    "Version": "20171114-r0",
    "Arch": "x86_64",
    "SrcName": "ca-certificates",
    "SrcVersion": "20171114-r0",
    "Licenses": [
      "MPL-2.0",
      "GPL-2.0-or-later"
    ],
    "Maintainer": "Natanael Copa \u003cncopa@alpinelinux.org\u003e"
  },
  {
    "ID": "curl@7.61.0-r0",
    "Name": "curl",
    "Version": "7.61.0-r0",
    "Arch": "x86_64",
    "SrcName": "curl",
    "SrcVersion": "7.61.0-r0",
    "Licenses": [
      "MIT"
    ],
    "Maintainer": "Natanael Copa \u003cncopa@alpinelinux.org\u003e"
  },
  {
    "ID": "db@5.3.28-r0",
    "Name": "db",
    "Version": "5.3.28-r0",
    "Arch": "x86_64",
    "SrcName": "db",
    "SrcVersion": "5.3.28-r0",
    "Licenses": [
      "custom"
    ],
    "Maintainer": "Natanael Copa \u003cncopa@alpinelinux.org\u003e"
  },
  {
    "ID": "expat@2.2.5-r0",
    "Name": "expat",
    "Version": "2.2.5-r0",
    "Arch": "x86_64",
    "SrcName": "expat",
    "SrcVersion": "2.2.5-r0",
    "Licenses": [
      "MIT"
    ],
    "Maintainer": "Carlo Landmeter \u003cclandmeter@gmail.com\u003e"
  },
  {
    "ID": "gdbm@1.13-r1",
    "Name": "gdbm",
    "Version": "1.13-r1",
    "Arch": "x86_64",
    "SrcName": "gdbm",
    "SrcVersion": "1.13-r1",
    "Licenses": [
      "GPL-2.0-or-later"
    ],
    "Maintainer": "Natanael Copa \u003cncopa@alpinelinux.org\u003e"
  },
  {
    "ID": "git@2.15.2-r0",
    "Name": "git",
    "Version": "2.15.2-r0",
    "Arch": "x86_64",
    "SrcName": "git",
    "SrcVersion": "2.15.2-r0",
    "Licenses": [
      "GPL-2.0-or-later"
    ],
    "Maintainer": "Natanael Copa \u003cncopa@alpinelinux.org\u003e"
  },
  {
    "ID": "libbz2@1.0.6-r6",
    "Name": "libbz2",
    "Version": "1.0.6-r6",
    "Arch": "x86_64",
    "SrcName": "bzip2",
    "SrcVersion": "1.0.6-r6",
    "Licenses": [
      "BSD-3-Clause"
    ],
    "Maintainer": "Natanael Copa \u003cncopa@alpinelinux.org\u003e"
  },
  {
    "ID": "libc-utils@0.7.1-r0",
    "Name": "libc-utils",
    "Version": "0.7.1-r0",
    "Arch": "x86_64",
    "SrcName": "libc-dev",
    "SrcVersion": "0.7.1-r0",
    "Licenses": [
      "BSD-3-Clause"
    ],
    "Maintainer": "Natanael Copa \u003cncopa@alpinelinux.org\u003e"
  },
  {
    "ID": "libcurl@7.61.1-r0",
    "Name": "libcurl",
    "Version": "7.61.1-r0",
    "Arch": "x86_64",
    "SrcName": "curl",
    "SrcVersion": "7.61.1-r0",
    "Licenses": [
      "MIT"
    ],
    "Maintainer": "Natanael Copa \u003cncopa@alpinelinux.org\u003e"
  },
  {
    "ID": "libedit@20170329.3.1-r3",
    "Name": "libedit",
    "Version": "20170329.3.1-r3",
    "Arch": "x86_64",
    "SrcName": "libedit",
    "SrcVersion": "20170329.3.1-r3",
    "Licenses": [
      "BSD-3-Clause"
    ],
    "Maintainer": "William Pitcock \u003cnenolod@dereferenced.org\u003e"
  },
  {
    "ID": "libffi@3.2.1-r4",
    "Name": "libffi",
    "Version": "3.2.1-r4",
    "Arch": "x86_64",
    "SrcName": "libffi",
    "SrcVersion": "3.2.1-r4",
    "Licenses": [
      "MIT"
    ],
    "Maintainer": "Natanael Copa \u003cncopa@alpinelinux.org\u003e"
  },
  {
    "ID": "libressl@2.6.5-r0",
    "Name": "libressl",
    "Version": "2.6.5-r0",
    "Arch": "x86_64",
    "SrcName": "libressl",
    "SrcVersion": "2.6.5-r0",
    "Licenses": [
      "custom"
    ],
    "Maintainer": "Orion \u003csystmkor@gmail.com\u003e"
  },
  {
    "ID": "libressl2.6-libcrypto@2.6.5-r0",
    "Name": "libressl2.6-libcrypto",
    "Version": "2.6.5-r0",
    "Arch": "x86_64",
    "SrcName": "libressl",
    "SrcVersion": "2.6.5-r0",
    "Licenses": [
      "custom"
    ],
    "Maintainer": "Orion \u003csystmkor@gmail.com\u003e"
  },
  {
    "ID": "libressl2.6-libssl@2.6.5-r0",
    "Name": "libressl2.6-libssl",
    "Version": "2.6.5-r0",
    "Arch": "x86_64",
    "SrcName": "libressl",
    "SrcVersion": "2.6.5-r0",
    "Licenses": [
      "custom"
    ],
    "Maintainer": "Orion \u003csystmkor@gmail.com\u003e"
  },
  {
    "ID": "libressl2.6-libtls@2.6.5-r0",
    "Name": "libressl2.6-libtls",
    "Version": "2.6.5-r0",
    "Arch": "x86_64",
    "SrcName": "libressl",
    "SrcVersion": "2.6.5-r0",
    "Licenses": [
      "custom"
    ],
    "Maintainer": "Orion \u003csystmkor@gmail.com\u003e"
  },
  {
    "ID": "libsasl@2.1.26-r11",
    "Name": "libsasl",
    "Version": "2.1.26-r11",
    "Arch": "x86_64",
    "SrcName": "cyrus-sasl",
    "SrcVersion": "2.1.26-r11",
    "Licenses": [
      "custom"
    ],
    "Maintainer": "Natanael Copa \u003cncopa@alpinelinux.org\u003e"
  },
  {
    "ID": "libsodium@1.0.15-r0",
    "Name": "libsodium",
    "Version": "1.0.15-r0",
    "Arch": "x86_64",
    "SrcName": "libsodium",
    "SrcVersion": "1.0.15-r0",
    "Licenses": [
      "ISC"
    ],
    "Maintainer": "Stuart Cardall \u003cdeveloper@it-offshore.co.uk\u003e"
  },
  {
    "ID": "libssh2@1.8.0-r2",
    "Name": "libssh2",
    "Version": "1.8.0-r2",
    "Arch": "x86_64",
    "SrcName": "libssh2",
    "SrcVersion": "1.8.0-r2",
    "Licenses": [
      "BSD-3-Clause"
    ],
    "Maintainer": "Natanael Copa \u003cncopa@alpinelinux.org\u003e"
  },
  {
    "ID": "libuuid@2.31-r0",
    "Name": "libuuid",
    "Version": "2.31-r0",
    "Arch": "x86_64",
    "SrcName": "util-linux",
    "SrcVersion": "2.31-r0",
    "Licenses": [
      "GPL-2.0-only",
      "GPL-2.0-or-later",
      "LGPL-2.0-or-later",
      "BSD-3-Clause",
      "Public",
      "Domain"
    ],
    "Maintainer": "Natanael Copa \u003cncopa@alpinelinux.org\u003e"
  },
  {
    "ID": "libxml2@2.9.7-r0",
    "Name": "libxml2",
    "Version": "2.9.7-r0",
    "Arch": "x86_64",
    "SrcName": "libxml2",
    "SrcVersion": "2.9.7-r0",
    "Licenses": [
      "MIT"
    ],
    "Maintainer": "Carlo Landmeter \u003cclandmeter@gmail.com\u003e"
  },
  {
    "ID": "mercurial@4.5.2-r0",
    "Name": "mercurial",
    "Version": "4.5.2-r0",
    "Arch": "x86_64",
    "SrcName": "mercurial",
    "SrcVersion": "4.5.2-r0",
    "Licenses": [
      "GPL-2.0-or-later"
    ],
    "Maintainer": "Natanael Copa \u003cncopa@alpinelinux.org\u003e"
  },
  {
    "ID": "musl@1.1.18-r3",
    "Name": "musl",
    "Version": "1.1.18-r3",
    "Arch": "x86_64",
    "SrcName": "musl",
    "SrcVersion": "1.1.18-r3",
    "Licenses": [
      "MIT"
    ],
    "Maintainer": "Timo Teräs \u003ctimo.teras@iki.fi\u003e"
  },
  {
    "ID": "musl-utils@1.1.18-r3",
    "Name": "musl-utils",
    "Version": "1.1.18-r3",
    "Arch": "x86_64",
    "SrcName": "musl",
    "SrcVersion": "1.1.18-r3",
    "Licenses": [
      "MIT",
      "BSD-3-Clause",
      "GPL-2.0-or-later"
    ],
    "Maintainer": "Timo Teräs \u003ctimo.teras@iki.fi\u003e"
  },
  {
    "ID": "ncurses-libs@6.0_p20171125-r1",
    "Name": "ncurses-libs",
    "Version": "6.0_p20171125-r1",
    "Arch": "x86_64",
    "SrcName": "ncurses",
    "SrcVersion": "6.0_p20171125-r1",
    "Licenses": [
      "MIT"
    ],
    "Maintainer": "Natanael Copa \u003cncopa@alpinelinux.org\u003e"
  },
  {
    "ID": "ncurses-terminfo@6.0_p20171125-r1",
    "Name": "ncurses-terminfo",
    "Version": "6.0_p20171125-r1",
    "Arch": "x86_64",
    "SrcName": "ncurses",
    "SrcVersion": "6.0_p20171125-r1",
    "Licenses": [
      "MIT"
    ],
    "Maintainer": "Natanael Copa \u003cncopa@alpinelinux.org\u003e"
  },
  {
    "ID": "ncurses-terminfo-base@6.0_p20171125-r1",
    "Name": "ncurses-terminfo-base",
    "Version": "6.0_p20171125-r1",
    "Arch": "x86_64",
    "SrcName": "ncurses",
    "SrcVersion": "6.0_p20171125-r1",
    "Licenses": [
      "MIT"
    ],
    "Maintainer": "Natanael Copa \u003cncopa@alpinelinux.org\u003e"
  },
  {
    "ID": "openssh@7.5_p1-r9",
    "Name": "openssh",
    "Version": "7.5_p1-r9",
    "Arch": "x86_64",
    "SrcName": "openssh",
    "SrcVersion": "7.5_p1-r9",
    "Licenses": [
      "as-is"
    ],
    "Maintainer": "Natanael Copa \u003cncopa@alpinelinux.org\u003e"
  },
  {
    "ID": "openssh-client@7.5_p1-r9",
    "Name": "openssh-client",
    "Version": "7.5_p1-r9",
    "Arch": "x86_64",
    "SrcName": "openssh",
    "SrcVersion": "7.5_p1-r9",
    "Licenses": [
      "as-is"
    ],
    "Maintainer": "Natanael Copa \u003cncopa@alpinelinux.org\u003e"
  },
  {
    "ID": "openssh-keygen@7.5_p1-r9",
    "Name": "openssh-keygen",
    "Version": "7.5_p1-r9",
    "Arch": "x86_64",
    "SrcName": "openssh",
    "SrcVersion": "7.5_p1-r9",
    "Licenses": [
      "as-is"
    ],
    "Maintainer": "Natanael Copa \u003cncopa@alpinelinux.org\u003e"
  },
  {
    "ID": "openssh-server@7.5_p1-r9",
    "Name": "openssh-server",
    "Version": "7.5_p1-r9",
    "Arch": "x86_64",
    "SrcName": "openssh",
    "SrcVersion": "7.5_p1-r9",
    "Licenses": [
      "as-is"
    ],
    "Maintainer": "Natanael Copa \u003cncopa@alpinelinux.org\u003e"
  },
  {
    "ID": "openssh-server-common@7.5_p1-r9",
    "Name": "openssh-server-common",
    "Version": "7.5_p1-r9",
    "Arch": "x86_64",
    "SrcName": "openssh",
    "SrcVersion": "7.5_p1-r9",
    "Licenses": [
      "as-is"
    ],
    "Maintainer": "Natanael Copa \u003cncopa@alpinelinux.org\u003e"
  },
  {
    "ID": "openssh-sftp-server@7.5_p1-r9",
    "Name": "openssh-sftp-server",
    "Version": "7.5_p1-r9",
    "Arch": "x86_64",
    "SrcName": "openssh",
    "SrcVersion": "7.5_p1-r9",
    "Licenses": [
      "as-is"
    ],
    "Maintainer": "Natanael Copa \u003cncopa@alpinelinux.org\u003e"
  },
  {
    "ID": "patch@2.7.5-r2",
    "Name": "patch",
    "Version": "2.7.5-r2",
    "Arch": "x86_64",
    "SrcName": "patch",
    "SrcVersion": "2.7.5-r2",
    "Licenses": [
      "GPL-2.0-or-later"
    ],
    "Maintainer": "Natanael Copa \u003cncopa@alpinelinux.org\u003e"
  },
  {
    "ID": "pcre2@10.30-r0",
    "Name": "pcre2",
    "Version": "10.30-r0",
    "Arch": "x86_64",
    "SrcName": "pcre2",
    "SrcVersion": "10.30-r0",
    "Licenses": [
      "BSD-3-Clause"
    ],
    "Maintainer": "Jakub Jirutka \u003cjakub@jirutka.cz\u003e"
  },
  {
    "ID": "pkgconf@1.3.10-r0",
    "Name": "pkgconf",
    "Version": "1.3.10-r0",
    "Arch": "x86_64",
    "SrcName": "pkgconf",
    "SrcVersion": "1.3.10-r0",
    "Licenses": [
      "ISC"
    ],
    "Maintainer": "William Pitcock \u003cnenolod@dereferenced.org\u003e"
  },
  {
    "ID": "python2@2.7.15-r2",
    "Name": "python2",
    "Version": "2.7.15-r2",
    "Arch": "x86_64",
    "SrcName": "python2",
    "SrcVersion": "2.7.15-r2",
    "Licenses": [
      "custom"
    ],
    "Maintainer": "Natanael Copa \u003cncopa@alpinelinux.org\u003e"
  },
  {
    "ID": "readline@7.0.003-r0",
    "Name": "readline",
    "Version": "7.0.003-r0",
    "Arch": "x86_64",
    "SrcName": "readline",
    "SrcVersion": "7.0.003-r0",
    "Licenses": [
      "GPL-2.0-or-later"
    ],
    "Maintainer": "Natanael Copa \u003cncopa@alpinelinux.org\u003e"
  },
  {
    "ID": "scanelf@1.2.2-r1",
    "Name": "scanelf",
    "Version": "1.2.2-r1",
    "Arch": "x86_64",
    "SrcName": "pax-utils",
    "SrcVersion": "1.2.2-r1",
    "Licenses": [
      "GPL-2.0-only"
    ],
    "Maintainer": "Natanael Copa \u003cncopa@alpinelinux.org\u003e"
  },
  {
    "ID": "serf@1.3.9-r3",
    "Name": "serf",
    "Version": "1.3.9-r3",
    "Arch": "x86_64",
    "SrcName": "serf",
    "SrcVersion": "1.3.9-r3",
    "Licenses": [
      "Apache-2.0"
    ],
    "Maintainer": "Natanael Copa \u003cncopa@alpinelinux.org\u003e"
  },
  {
    "ID": "sqlite-libs@3.21.0-r1",
    "Name": "sqlite-libs",
    "Version": "3.21.0-r1",
    "Arch": "x86_64",
    "SrcName": "sqlite",
    "SrcVersion": "3.21.0-r1",
    "Licenses": [
      "custom"
    ],
    "Maintainer": "Carlo Landmeter \u003cclandmeter@gmail.com\u003e"
  },
  {
    "ID": "ssl_client@1.27.2-r11",
    "Name": "ssl_client",
    "Version": "1.27.2-r11",
    "Arch": "x86_64",
    "SrcName": "busybox",
    "SrcVersion": "1.27.2-r11",
    "Licenses": [
      "GPL-2.0-only"
    ],
    "Maintainer": "Natanael Copa \u003cncopa@alpinelinux.org\u003e"
  },
  {
    "ID": "subversion@1.9.7-r0",
    "Name": "subversion",
    "Version": "1.9.7-r0",
    "Arch": "x86_64",
    "SrcName": "subversion",
    "SrcVersion": "1.9.7-r0",
    "Licenses": [
      "Apache-2.0",
      "BSD-3-Clause"
    ],
    "Maintainer": "Natanael Copa \u003cncopa@alpinelinux.org\u003e"
  },
  {
    "ID": "subversion-libs@1.9.7-r0",
    "Name": "subversion-libs",
    "Version": "1.9.7-r0",
    "Arch": "x86_64",
    "SrcName": "subversion",
    "SrcVersion": "1.9.7-r0",
    "Licenses": [
      "Apache-2.0",
      "BSD-3-Clause"
    ],
    "Maintainer": "Natanael Copa \u003cncopa@alpinelinux.org\u003e"
  },
  {
    "ID": "tar@1.29-r1",
    "Name": "tar",
    "Version": "1.29-r1",
    "Arch": "x86_64",
    "SrcName": "tar",
    "SrcVersion": "1.29-r1",
    "Licenses": [
      "GPL-2.0-or-later"
    ],
    "Maintainer": "Carlo Landmeter \u003cclandmeter@gmail.com\u003e"
  },
  {
    "ID": "tini@0.16.1-r0",
    "Name": "tini",
    "Version": "0.16.1-r0",
    "Arch": "x86_64",
    "SrcName": "tini",
    "SrcVersion": "0.16.1-r0",
    "Licenses": [
      "MIT"
    ],
    "Maintainer": "Danilo Bürger \u003cdanilo@feastr.de\u003e"
  },
  {
    "ID": "xz@5.2.3-r1",
    "Name": "xz",
    "Version": "5.2.3-r1",
    "Arch": "x86_64",
    "SrcName": "xz",
    "SrcVersion": "5.2.3-r1",
    "Licenses": [
      "custom"
    ],
    "Maintainer": "Natanael Copa \u003cncopa@alpinelinux.org\u003e"
  },
  {
    "ID": "xz-libs@5.2.3-r1",
    "Name": "xz-libs",
    "Version": "5.2.3-r1",
    "Arch": "x86_64",
    "SrcName": "xz",
    "SrcVersion": "5.2.3-r1",
    "Licenses": [
      "custom"
    ],
    "Maintainer": "Natanael Copa \u003cncopa@alpinelinux.org\u003e"
  },
  {
    "ID": "zlib@1.2.11-r1",
    "Name": "zlib",
    "Version": "1.2.11-r1",
    "Arch": "x86_64",
    "SrcName": "zlib",
    "SrcVersion": "1.2.11-r1",
    "Licenses": [
      "Zlib"
    ],
    "Maintainer": "Natanael Copa \u003cncopa@alpinelinux.org\u003e"
  }
]