# Source: testchart/templates/service.yaml
apiVersion: v1
kind: Service
metadata:
  name: testchart
  labels:
    helm.sh/chart: testchart-0.1.0
    app.kubernetes.io/name: testchart
    app.kubernetes.io/instance: testchart
    app.kubernetes.io/version: "1.16.0"
    app.kubernetes.io/managed-by: Helm
spec:
  type: ClusterIP
  ports:
    - port: 80
      targetPort: http
      protocol: TCP
      name: http
  selector:
    app.kubernetes.io/name: testchart
    app.kubernetes.io/instance: testchart