{
  "SchemaVersion": 2,
  "CreatedAt": "2021-08-25T12:20:30.000000005Z",
  "ArtifactName": "testdata/fixtures/images/alpine-distroless.tar.gz",
  "ArtifactType": "container_image",
  "Metadata": {
    "Size": 35812864,
    "OS": {
      "Family": "alpine",
      "Name": "3.16"
    },
    "ImageID": "sha256:22848737c0d272ad5d7c7369d8ca830a62929e63e38edcb22085139a6ae0688d",
    "DiffIDs": [
      "sha256:89da7cc836da4b53ab1ceb572576458c005e7e444b8bb79abda196668a2f0c92"
    ],
    "ImageConfig": {
      "architecture": "amd64",
      "author": "github.com/chainguard-dev/apko",
      "created": "1970-01-01T00:00:00Z",
      "history": [
        {
          "author": "apko",
          "created": "1970-01-01T00:00:00Z",
          "created_by": "apko",
          "comment": "This is an apko single-layer image"
        }
      ],
      "os": "linux",
      "rootfs": {
        "type": "layers",
        "diff_ids": [
          "sha256:89da7cc836da4b53ab1ceb572576458c005e7e444b8bb79abda196668a2f0c92"
        ]
      },
      "config": {
        "Entrypoint": [
          "/usr/bin/git"
        ],
        "Env": [
          "PATH=/usr/local/sbin:/usr/local/bin:/usr/sbin:/usr/bin:/sbin:/bin",
          "SSL_CERT_FILE=/etc/ssl/certs/ca-certificates.crt"
        ],
        "User": "65532"
      }
    },
    "Layers": [
      {
        "Size": 35812864,
        "Digest": "sha256:6c6f69aa25501b090c54c62a9c17e978064c2f1328f67a7ef88c81ce5f2d7983",
        "DiffID": "sha256:89da7cc836da4b53ab1ceb572576458c005e7e444b8bb79abda196668a2f0c92"
      }
    ]
  },
  "Results": [
    {
      "Target": "testdata/fixtures/images/alpine-distroless.tar.gz (alpine 3.16)",
      "Class": "os-pkgs",
      "Type": "alpine",
      "Vulnerabilities": [
        {
          "VulnerabilityID": "CVE-2022-24765",
          "PkgID": "git@2.35.1-r2",
          "PkgName": "git",
          "PkgIdentifier": {
            "PURL": "pkg:apk/alpine/git@2.35.1-r2?arch=x86_64\u0026distro=3.16",
            "UID": "2999d822f6cae40c"
          },
          "InstalledVersion": "2.35.1-r2",
          "FixedVersion": "2.35.2-r0",
          "Status": "fixed",
          "Layer": {
            "Digest": "sha256:6c6f69aa25501b090c54c62a9c17e978064c2f1328f67a7ef88c81ce5f2d7983",
            "DiffID": "sha256:89da7cc836da4b53ab1ceb572576458c005e7e444b8bb79abda196668a2f0c92"
          },
          "PrimaryURL": "https://avd.aquasec.com/nvd/cve-2022-24765",
          "Title": "Git for Windows is a fork of Git containing Windows-specific patches.  ...",
          "Description": "Git for Windows is a fork of Git containing Windows-specific patches.",
          "Severity": "MEDIUM",
          "CweIDs": [
            "CWE-427"
          ],
          "VendorSeverity": {
            "ubuntu": 2
          },
          "References": [
            "http://www.openwall.com/lists/oss-security/2022/04/12/7",
            "https://cve.mitre.org/cgi-bin/cvename.cgi?name=CVE-2022-24765",
            "https://git-scm.com/book/en/v2/Appendix-A%3A-Git-in-Other-Environments-Git-in-Bash",
            "https://git-scm.com/docs/git#Documentation/git.txt-codeGITCEILINGDIRECTORIEScode",
            "https://github.com/git-for-windows/git/security/advisories/GHSA-vw2c-22j4-2fh2",
            "https://ubuntu.com/security/notices/USN-5376-1"
          ],
          "PublishedDate": "2022-04-12T18:15:00Z",
          "LastModifiedDate": "2022-04-12T21:15:00Z"
        }
      ]
    }
  ]
}
