{
  "SchemaVersion": 2,
  "ReportID": "3ff14136-e09f-4df9-80ea-000000000002",
  "CreatedAt": "2021-08-25T12:20:30.000000005Z",
  "ArtifactName": "testdata/fixtures/repo/helm_badname",
  "ArtifactType": "repository",
  "ReportID": "3ff14136-e09f-4df9-80ea-000000000002"
}
