{
  "SchemaVersion": 2,
  "CreatedAt": "2021-08-25T12:20:30.000000005Z",
  "ArtifactName": "testdata/fixtures/images/opensuse-leap-151.tar.gz",
  "ArtifactType": "container_image",
  "Metadata": {
    "OS": {
      "Family": "opensuse-leap",
      "Name": "15.1",
      "EOSL": true
    },
    "ImageID": "sha256:fef5ad254f6378f08071cfa2daaf05a1ce9857141c944b67a40742e63e65cecc",
    "DiffIDs": [
      "sha256:f7f9ae80878a1c56d8f9ca977a5d844168f7afc0c1429feef9366e713eac06ff"
    ],
    "ImageConfig": {
      "architecture": "amd64",
      "author": "Fabian Vogt \u003cfvogt@suse.com\u003e",
      "created": "2019-11-05T15:54:41Z",
      "history": [
        {
          "created": "2019-11-05T15:54:41Z",
          "created_by": "KIWI 9.17.16"
        }
      ],
      "os": "linux",
      "rootfs": {
        "type": "layers",
        "diff_ids": [
          "sha256:f7f9ae80878a1c56d8f9ca977a5d844168f7afc0c1429feef9366e713eac06ff"
        ]
      },
      "config": {
        "Cmd": [
          "/bin/bash"
        ],
        "Labels": {
          "org.openbuildservice.disturl": "obs://build.opensuse.org/openSUSE:Leap:15.1:Images/images/740264e3294afe7ca32a3ea9deb863d2-opensuse-leap-image:docker",
          "org.opencontainers.image.created": "2019-11-05T15:54:10.571514200Z",
          "org.opencontainers.image.description": "Image containing a minimal environment for containers based on openSUSE Leap 15.1.",
          "org.opencontainers.image.title": "openSUSE Leap 15.1 Base Container",
          "org.opencontainers.image.url": "https://www.opensuse.org/",
          "org.opencontainers.image.vendor": "openSUSE Project",
          "org.opencontainers.image.version": "15.1.3.67",
          "org.opensuse.base.created": "2019-11-05T15:54:10.571514200Z",
          "org.opensuse.base.description": "Image containing a minimal environment for containers based on openSUSE Leap 15.1.",
          "org.opensuse.base.disturl": "obs://build.opensuse.org/openSUSE:Leap:15.1:Images/images/740264e3294afe7ca32a3ea9deb863d2-opensuse-leap-image:docker",
          "org.opensuse.base.reference": "registry.opensuse.org/opensuse/leap:15.1.3.67",
          "org.opensuse.base.title": "openSUSE Leap 15.1 Base Container",
          "org.opensuse.base.url": "https://www.opensuse.org/",
          "org.opensuse.base.vendor": "openSUSE Project",
          "org.opensuse.base.version": "15.1.3.67",
          "org.opensuse.reference": "registry.opensuse.org/opensuse/leap:15.1.3.67"
        }
      }
    }
  },
  "Results": [
    {
      "Target": "testdata/fixtures/images/opensuse-leap-151.tar.gz (opensuse-leap 15.1)",
      "Class": "os-pkgs",
      "Type": "opensuse-leap",
      "Vulnerabilities": [
        {
          "VulnerabilityID": "openSUSE-SU-2020:0062-1",
          "PkgID": "libopenssl1_1@1.1.0i-lp151.8.3.1.x86_64",
          "PkgName": "libopenssl1_1",
          "PkgIdentifier": {
            "PURL": "pkg:rpm/opensuse/libopenssl1_1@1.1.0i-lp151.8.3.1?arch=x86_64\u0026distro=opensuse-leap-15.1",
            "UID": "898b73ddd0412f57"
          },
          "InstalledVersion": "1.1.0i-lp151.8.3.1",
          "FixedVersion": "1.1.0i-lp151.8.6.1",
          "Status": "fixed",
          "Layer": {
            "Digest": "sha256:5c5a844f54abd051851758624820ae6a08a9d6ddffddaebbb335601c32608fb3",
            "DiffID": "sha256:f7f9ae80878a1c56d8f9ca977a5d844168f7afc0c1429feef9366e713eac06ff"
          },
          "SeveritySource": "suse-cvrf",
          "PrimaryURL": "https://lists.opensuse.org/opensuse-security-announce/2020-01/msg00030.html",
          "DataSource": {
            "ID": "suse-cvrf",
            "Name": "SUSE CVRF",
            "URL": "https://ftp.suse.com/pub/projects/security/cvrf/"
          },
          "Title": "Security update for openssl-1_1",
          "Description": "This update for openssl-1_1 fixes the following issues:\n\nSecurity issue fixed:\n\n- CVE-2019-1551: Fixed an overflow bug in the x64_64 Montgomery squaring procedure used in exponentiation with 512-bit moduli (bsc#1158809).                             \n\nVarious FIPS related improvements were done:\n\n- FIPS: Backport SSH KDF to openssl (jsc#SLE-8789, bsc#1157775).\n- Port FIPS patches from SLE-12 (bsc#1158101).\n- Use SHA-2 in the RSA pairwise consistency check (bsc#1155346).\n\nThis update was imported from the SUSE:SLE-15-SP1:Update update project.",
          "Severity": "MEDIUM",
          "VendorSeverity": {
            "suse-cvrf": 2
          },
          "References": [
            "https://lists.opensuse.org/opensuse-security-announce/2020-01/msg00030.html",
            "https://www.suse.com/support/security/rating/"
          ]
        },
        {
          "VulnerabilityID": "openSUSE-SU-2020:0062-1",
          "PkgID": "openssl-1_1@1.1.0i-lp151.8.3.1.x86_64",
          "PkgName": "openssl-1_1",
          "PkgIdentifier": {
            "PURL": "pkg:rpm/opensuse/openssl-1_1@1.1.0i-lp151.8.3.1?arch=x86_64\u0026distro=opensuse-leap-15.1",
            "UID": "58980d005de43f54"
          },
          "InstalledVersion": "1.1.0i-lp151.8.3.1",
          "FixedVersion": "1.1.0i-lp151.8.6.1",
          "Status": "fixed",
          "Layer": {
            "Digest": "sha256:5c5a844f54abd051851758624820ae6a08a9d6ddffddaebbb335601c32608fb3",
            "DiffID": "sha256:f7f9ae80878a1c56d8f9ca977a5d844168f7afc0c1429feef9366e713eac06ff"
          },
          "SeveritySource": "suse-cvrf",
          "PrimaryURL": "https://lists.opensuse.org/opensuse-security-announce/2020-01/msg00030.html",
          "DataSource": {
            "ID": "suse-cvrf",
            "Name": "SUSE CVRF",
            "URL": "https://ftp.suse.com/pub/projects/security/cvrf/"
          },
          "Title": "Security update for openssl-1_1",
          "Description": "This update for openssl-1_1 fixes the following issues:\n\nSecurity issue fixed:\n\n- CVE-2019-1551: Fixed an overflow bug in the x64_64 Montgomery squaring procedure used in exponentiation with 512-bit moduli (bsc#1158809).                             \n\nVarious FIPS related improvements were done:\n\n- FIPS: Backport SSH KDF to openssl (jsc#SLE-8789, bsc#1157775).\n- Port FIPS patches from SLE-12 (bsc#1158101).\n- Use SHA-2 in the RSA pairwise consistency check (bsc#1155346).\n\nThis update was imported from the SUSE:SLE-15-SP1:Update update project.",
          "Severity": "MEDIUM",
          "VendorSeverity": {
            "suse-cvrf": 2
          },
          "References": [
            "https://lists.opensuse.org/opensuse-security-announce/2020-01/msg00030.html",
            "https://www.suse.com/support/security/rating/"
          ]
        }
      ]
    }
  ]
}
