{
  "SchemaVersion": 2,
  "CreatedAt": "2021-08-25T12:20:30.000000005Z",
  "ArtifactName": "testdata/fixtures/repo/terraform/remote-module",
  "ArtifactType": "repository",
  "Results": [
    {
      "Target": ".",
      "Class": "config",
      "Type": "terraform",
      "MisconfSummary": {
        "Successes": 45,
        "Failures": 0
      }
    },
    {
      "Target": "terraform-aws-modules/s3-bucket/aws/main.tf",
      "Class": "config",
      "Type": "terraform"
    }
  ]
}
