# Source: with-api-version/templates/pdb.yaml
apiVersion: policy/v1
kind: PodDisruptionBudget
metadata:
  name: with-api-version
  labels:
    helm.sh/chart: with-api-version-0.1.0
    app.kubernetes.io/name: with-api-version
    app.kubernetes.io/instance: with-api-version
    app.kubernetes.io/version: "1.16.0"
    app.kubernetes.io/managed-by: Helm
spec:
  selector:
    matchLabels:
      app.kubernetes.io/name: with-api-version
      app.kubernetes.io/instance: with-api-version
  maxUnavailable: 0
